
> nextlevel@0.1.0 build
> next build

▲ Next.js 16.2.2 (Turbopack)
- Environments: .env.local

  Creating an optimized production build ...
✓ Compiled successfully in 3.8s
  Running TypeScript ...
  Finished TypeScript in 98ms ...
  Collecting page data using 15 workers ...
node.exe : Error: "createFunction" expected a handler function as the second argument. Triggers belong in the first 
argument: createFunction({ id, triggers: { event: "..." } }, handler)
At line:1 char:1
+ & "C:\Program Files\nodejs/node.exe" "C:\Users\Animesh\AppData\Roamin ...
+ ~~~~~~~~~~~~~~~~~~~~~~~~~~~~~~~~~~~~~~~~~~~~~~~~~~~~~~~~~~~~~~~~~~~~~
    + CategoryInfo          : NotSpecified: (Error: "createF..." } }, handler):String) [], RemoteException
    + FullyQualifiedErrorId : NativeCommandError
 
    at e._createFunction 
(C:\CipherVault\Code\Projects\NextLevel\.next\server\chunks\[root-of-the-server]__12sapdn._.js:3:9931)
    at e.createFunction 
(C:\CipherVault\Code\Projects\NextLevel\.next\server\chunks\[root-of-the-server]__12sapdn._.js:3:9721)
    at instantiateModule (C:\CipherVault\Code\Projects\NextLevel\.next\server\chunks\[turbopack]_runtime.js:853:9)
    at instantiateRuntimeModule 
(C:\CipherVault\Code\Projects\NextLevel\.next\server\chunks\[turbopack]_runtime.js:882:12)
    at getOrInstantiateRuntimeModule 
(C:\CipherVault\Code\Projects\NextLevel\.next\server\chunks\[turbopack]_runtime.js:895:12)
    at Object.m (C:\CipherVault\Code\Projects\NextLevel\.next\server\chunks\[turbopack]_runtime.js:898:18)
    at Object.<anonymous> (C:\CipherVault\Code\Projects\NextLevel\.next\server\app\api\inngest\route.js:8:3)

> Build error occurred
Error: Failed to collect page data for /api/inngest
    at ignore-listed frames {
  type: 'Error'
}
